Archive member included because of file (symbol)

c:/program files/pgo/gcc-m68k-elf/bin/../lib/gcc/m68k-elf/4.8.3/m51qe\libgcc.a(_udivsi3.o)
                              ./Sources/BRTOS.o (__udivsi3)
c:/program files/pgo/gcc-m68k-elf/bin/../lib/gcc/m68k-elf/4.8.3/m51qe\libgcc.a(_divsi3.o)
                              ./Sources/OSInfo.o (__divsi3)
c:/program files/pgo/gcc-m68k-elf/bin/../lib/gcc/m68k-elf/4.8.3/m51qe\libgcc.a(_umodsi3.o)
                              ./Sources/BRTOS.o (__umodsi3)
c:/program files/pgo/gcc-m68k-elf/bin/../lib/gcc/m68k-elf/4.8.3/../../../../m68k-elf/lib/m51qe\libc.a(lib_a-exit.o)
                              ./Startup_Code/startup_gcc_m68k_elf.o (exit)
c:/program files/pgo/gcc-m68k-elf/bin/../lib/gcc/m68k-elf/4.8.3/../../../../m68k-elf/lib/m51qe\libc.a(lib_a-fini.o)
                              ./Startup_Code/startup_gcc_m68k_elf.o (__libc_fini_array)
c:/program files/pgo/gcc-m68k-elf/bin/../lib/gcc/m68k-elf/4.8.3/../../../../m68k-elf/lib/m51qe\libc.a(lib_a-impure.o)
                              c:/program files/pgo/gcc-m68k-elf/bin/../lib/gcc/m68k-elf/4.8.3/../../../../m68k-elf/lib/m51qe\libc.a(lib_a-exit.o) (_global_impure_ptr)
c:/program files/pgo/gcc-m68k-elf/bin/../lib/gcc/m68k-elf/4.8.3/../../../../m68k-elf/lib/m51qe\libc.a(lib_a-memset.o)
                              ./Sources/umm_malloc.o (memset)
c:/program files/pgo/gcc-m68k-elf/bin/../lib/gcc/m68k-elf/4.8.3/../../../../m68k-elf/lib/m51qe\libc.a(lib_a-reent.o)
                              ./Startup_Code/newlib_stubs.o (errno)
c:/program files/pgo/gcc-m68k-elf/bin/../lib/gcc/m68k-elf/4.8.3/../../../../m68k-elf/lib/m51qe\libc.a(lib_a-nano-freer.o)
                              c:/program files/pgo/gcc-m68k-elf/bin/../lib/gcc/m68k-elf/4.8.3/../../../../m68k-elf/lib/m51qe\libc.a(lib_a-reent.o) (_free_r)
c:/program files/pgo/gcc-m68k-elf/bin/../lib/gcc/m68k-elf/4.8.3/../../../../m68k-elf/lib/m51qe\libc.a(lib_a-nano-mallocr.o)
                              c:/program files/pgo/gcc-m68k-elf/bin/../lib/gcc/m68k-elf/4.8.3/../../../../m68k-elf/lib/m51qe\libc.a(lib_a-nano-freer.o) (__malloc_free_list)
c:/program files/pgo/gcc-m68k-elf/bin/../lib/gcc/m68k-elf/4.8.3/../../../../m68k-elf/lib/m51qe\libc.a(lib_a-sbrkr.o)
                              c:/program files/pgo/gcc-m68k-elf/bin/../lib/gcc/m68k-elf/4.8.3/../../../../m68k-elf/lib/m51qe\libc.a(lib_a-nano-mallocr.o) (_sbrk_r)

Allocating common symbols
Common symbol       size              file

heapInfo            0xc               ./Sources/umm_malloc.o
BRTOS_Sem_Table     0xa0              ./Sources/BRTOS.o
errno               0x4               c:/program files/pgo/gcc-m68k-elf/bin/../lib/gcc/m68k-elf/4.8.3/../../../../m68k-elf/lib/m51qe\libc.a(lib_a-reent.o)
BRTOS_Queue_Table   0xf0              ./Sources/BRTOS.o
NumberOfInstalledTasks
                    0x1               ./Sources/BRTOS.o
SPvalue             0x4               ./Sources/HAL.o
PriorityVector      0x20              ./Sources/BRTOS.o
SelectedTask        0x1               ./Sources/BRTOS.o
currentTask         0x1               ./Sources/BRTOS.o
QUEUE_STACK         0x500             ./Sources/BRTOS.o
blk                 0x4               ./Sources/main.o
BRTOS_Mutex_Table   0x28              ./Sources/BRTOS.o
BRTOS_Mbox_Table    0x3c              ./Sources/BRTOS.o
STACK               0x1000            ./Sources/BRTOS.o
Head                0x4               ./Sources/BRTOS.o
umm_heap            0x400             ./Sources/umm_malloc.o
ISR_STACK           0x200             ./Sources/HAL.o
ContextTask         0x9c              ./Sources/BRTOS.o
Tail                0x4               ./Sources/BRTOS.o
BRTOS_OS_QUEUE_Table
                    0x190             ./Sources/BRTOS.o

Discarded input sections

 .data          0x00000000        0x4 c:/program files/pgo/gcc-m68k-elf/bin/../lib/gcc/m68k-elf/4.8.3/m51qe/crtbegin.o
 .group         0x00000000        0x8 ./Startup_Code/newlib_stubs.o
 .group         0x00000000        0x8 ./Startup_Code/newlib_stubs.o
 .group         0x00000000        0x8 ./Startup_Code/newlib_stubs.o
 .group         0x00000000        0x8 ./Startup_Code/newlib_stubs.o
 .group         0x00000000        0x8 ./Startup_Code/newlib_stubs.o
 .group         0x00000000        0x8 ./Startup_Code/newlib_stubs.o
 .group         0x00000000        0x8 ./Startup_Code/newlib_stubs.o
 .group         0x00000000        0x8 ./Startup_Code/newlib_stubs.o
 .group         0x00000000        0x8 ./Startup_Code/newlib_stubs.o
 .group         0x00000000        0x8 ./Startup_Code/newlib_stubs.o
 .group         0x00000000        0x8 ./Startup_Code/newlib_stubs.o
 .group         0x00000000        0x8 ./Startup_Code/newlib_stubs.o
 .group         0x00000000        0x8 ./Startup_Code/newlib_stubs.o
 .group         0x00000000        0x8 ./Startup_Code/newlib_stubs.o
 .group         0x00000000        0x8 ./Startup_Code/newlib_stubs.o
 .group         0x00000000        0x8 ./Startup_Code/newlib_stubs.o
 .group         0x00000000        0x8 ./Startup_Code/newlib_stubs.o
 .group         0x00000000        0x8 ./Startup_Code/newlib_stubs.o
 .group         0x00000000        0x8 ./Startup_Code/newlib_stubs.o
 .group         0x00000000        0x8 ./Startup_Code/newlib_stubs.o
 .group         0x00000000        0x8 ./Startup_Code/newlib_stubs.o
 .group         0x00000000        0x8 ./Startup_Code/newlib_stubs.o
 .group         0x00000000        0x8 ./Startup_Code/newlib_stubs.o
 .text          0x00000000        0x0 ./Startup_Code/newlib_stubs.o
 .data          0x00000000        0x0 ./Startup_Code/newlib_stubs.o
 .bss           0x00000000        0x0 ./Startup_Code/newlib_stubs.o
 .text.uart_txChar
                0x00000000        0x8 ./Startup_Code/newlib_stubs.o
 .text.uart_rxChar
                0x00000000        0xa ./Startup_Code/newlib_stubs.o
 .bss.__env     0x00000000        0x4 ./Startup_Code/newlib_stubs.o
 .data.environ  0x00000000        0x4 ./Startup_Code/newlib_stubs.o
 .text._close   0x00000000        0xa ./Startup_Code/newlib_stubs.o
 .text._execve  0x00000000       0x12 ./Startup_Code/newlib_stubs.o
 .text._fork    0x00000000       0x12 ./Startup_Code/newlib_stubs.o
 .text._fstat   0x00000000       0x1a ./Startup_Code/newlib_stubs.o
 .text._getpid  0x00000000        0xa ./Startup_Code/newlib_stubs.o
 .text._isatty  0x00000000       0x26 ./Startup_Code/newlib_stubs.o
 .text._kill    0x00000000       0x12 ./Startup_Code/newlib_stubs.o
 .text._link    0x00000000       0x12 ./Startup_Code/newlib_stubs.o
 .text.lseek    0x00000000        0xa ./Startup_Code/newlib_stubs.o
 .bss.heap_end  0x00000000        0x4 ./Startup_Code/newlib_stubs.o
 .text.sbrk     0x00000000       0x5a ./Startup_Code/newlib_stubs.o
 .text.read     0x00000000       0x68 ./Startup_Code/newlib_stubs.o
 .text._stat    0x00000000       0x1a ./Startup_Code/newlib_stubs.o
 .text._times   0x00000000        0xa ./Startup_Code/newlib_stubs.o
 .text._unlink  0x00000000       0x12 ./Startup_Code/newlib_stubs.o
 .text._wait    0x00000000       0x12 ./Startup_Code/newlib_stubs.o
 .text.write    0x00000000       0x78 ./Startup_Code/newlib_stubs.o
 .text          0x00000000        0x0 ./Startup_Code/startup_gcc_m68k_elf.o
 .data          0x00000000        0x0 ./Startup_Code/startup_gcc_m68k_elf.o
 .bss           0x00000000        0x0 ./Startup_Code/startup_gcc_m68k_elf.o
 .group         0x00000000        0x8 ./Startup_Code/system.o
 .group         0x00000000        0x8 ./Startup_Code/system.o
 .group         0x00000000        0x8 ./Startup_Code/system.o
 .group         0x00000000        0x8 ./Startup_Code/system.o
 .group         0x00000000        0x8 ./Startup_Code/system.o
 .text          0x00000000        0x0 ./Startup_Code/system.o
 .data          0x00000000        0x0 ./Startup_Code/system.o
 .bss           0x00000000        0x0 ./Startup_Code/system.o
 .debug_macro   0x00000000      0x50e ./Startup_Code/system.o
 .debug_macro   0x00000000       0x16 ./Startup_Code/system.o
 .group         0x00000000        0x8 ./Startup_Code/vectors.o
 .group         0x00000000        0x8 ./Startup_Code/vectors.o
 .group         0x00000000        0x8 ./Startup_Code/vectors.o
 .group         0x00000000        0x8 ./Startup_Code/vectors.o
 .group         0x00000000        0x8 ./Startup_Code/vectors.o
 .text          0x00000000        0x0 ./Startup_Code/vectors.o
 .data          0x00000000        0x0 ./Startup_Code/vectors.o
 .bss           0x00000000        0x0 ./Startup_Code/vectors.o
 .debug_macro   0x00000000      0x50e ./Startup_Code/vectors.o
 .debug_macro   0x00000000       0x16 ./Startup_Code/vectors.o
 .debug_macro   0x00000000       0x44 ./Startup_Code/vectors.o
 .debug_macro   0x00000000      0x209 ./Startup_Code/vectors.o
 .debug_macro   0x00000000     0x641f ./Startup_Code/vectors.o
 .group         0x00000000        0x8 ./Sources/BRTOS.o
 .group         0x00000000        0x8 ./Sources/BRTOS.o
 .group         0x00000000        0x8 ./Sources/BRTOS.o
 .group         0x00000000        0x8 ./Sources/BRTOS.o
 .group         0x00000000        0x8 ./Sources/BRTOS.o
 .group         0x00000000        0x8 ./Sources/BRTOS.o
 .group         0x00000000        0x8 ./Sources/BRTOS.o
 .group         0x00000000        0x8 ./Sources/BRTOS.o
 .group         0x00000000        0x8 ./Sources/BRTOS.o
 .text          0x00000000        0x0 ./Sources/BRTOS.o
 .data          0x00000000        0x0 ./Sources/BRTOS.o
 .bss           0x00000000        0x0 ./Sources/BRTOS.o
 .data.version  0x00000000        0x4 ./Sources/BRTOS.o
 .bss.iQueueAddress
                0x00000000        0x2 ./Sources/BRTOS.o
 .bss.OSDuty    0x00000000        0x4 ./Sources/BRTOS.o
 .bss.LastOSDuty
                0x00000000        0x2 ./Sources/BRTOS.o
 .bss.DutyCnt   0x00000000        0x2 ./Sources/BRTOS.o
 .text.OSGetTickCount
                0x00000000       0x34 ./Sources/BRTOS.o
 .text.OSGetCount
                0x00000000        0xe ./Sources/BRTOS.o
 .text.OSIncCounter
                0x00000000       0x30 ./Sources/BRTOS.o
 .text.OSDelayTaskHMSM
                0x00000000      0x128 ./Sources/BRTOS.o
 .text.OS_TICK_HANDLER
                0x00000000      0x1b2 ./Sources/BRTOS.o
 .text.OSBlockPriority
                0x00000000       0xc0 ./Sources/BRTOS.o
 .text.OSUnBlockPriority
                0x00000000       0x9e ./Sources/BRTOS.o
 .text.OSBlockTask
                0x00000000       0xf0 ./Sources/BRTOS.o
 .text.OSUnBlockTask
                0x00000000       0x9e ./Sources/BRTOS.o
 .text.OSBlockMultipleTask
                0x00000000      0x106 ./Sources/BRTOS.o
 .text.OSUnBlockMultipleTask
                0x00000000      0x110 ./Sources/BRTOS.o
 .debug_macro   0x00000000      0x50e ./Sources/BRTOS.o
 .debug_macro   0x00000000     0x641f ./Sources/BRTOS.o
 .debug_macro   0x00000000      0x166 ./Sources/BRTOS.o
 .group         0x00000000        0x8 ./Sources/HAL.o
 .group         0x00000000        0x8 ./Sources/HAL.o
 .group         0x00000000        0x8 ./Sources/HAL.o
 .group         0x00000000        0x8 ./Sources/HAL.o
 .group         0x00000000        0x8 ./Sources/HAL.o
 .group         0x00000000        0x8 ./Sources/HAL.o
 .group         0x00000000        0x8 ./Sources/HAL.o
 .group         0x00000000        0x8 ./Sources/HAL.o
 .group         0x00000000        0x8 ./Sources/HAL.o
 .text          0x00000000        0x0 ./Sources/HAL.o
 .data          0x00000000        0x0 ./Sources/HAL.o
 .bss           0x00000000        0x0 ./Sources/HAL.o
 .data.SPval_bkp
                0x00000000        0x4 ./Sources/HAL.o
 .text.OSRTCSetup
                0x00000000        0x8 ./Sources/HAL.o
 .text.TickTimer
                0x00000000      0x11a ./Sources/HAL.o
 .text.SwitchContext
                0x00000000       0xa6 ./Sources/HAL.o
 .debug_macro   0x00000000      0x50e ./Sources/HAL.o
 .debug_macro   0x00000000     0x641f ./Sources/HAL.o
 .debug_macro   0x00000000       0x34 ./Sources/HAL.o
 .debug_macro   0x00000000      0x14b ./Sources/HAL.o
 .debug_macro   0x00000000       0x3a ./Sources/HAL.o
 .debug_macro   0x00000000      0x166 ./Sources/HAL.o
 .debug_macro   0x00000000       0x28 ./Sources/HAL.o
 .debug_macro   0x00000000       0xb5 ./Sources/HAL.o
 .debug_macro   0x00000000      0x1dd ./Sources/HAL.o
 .group         0x00000000        0x8 ./Sources/OSInfo.o
 .group         0x00000000        0x8 ./Sources/OSInfo.o
 .group         0x00000000        0x8 ./Sources/OSInfo.o
 .group         0x00000000        0x8 ./Sources/OSInfo.o
 .group         0x00000000        0x8 ./Sources/OSInfo.o
 .group         0x00000000        0x8 ./Sources/OSInfo.o
 .group         0x00000000        0x8 ./Sources/OSInfo.o
 .group         0x00000000        0x8 ./Sources/OSInfo.o
 .group         0x00000000        0x8 ./Sources/OSInfo.o
 .group         0x00000000        0x8 ./Sources/OSInfo.o
 .text          0x00000000        0x0 ./Sources/OSInfo.o
 .data          0x00000000        0x0 ./Sources/OSInfo.o
 .bss           0x00000000        0x0 ./Sources/OSInfo.o
 .text.mem_cpy  0x00000000       0x42 ./Sources/OSInfo.o
 .text.PrintDecimal
                0x00000000       0xf4 ./Sources/OSInfo.o
 .rodata        0x00000000      0x148 ./Sources/OSInfo.o
 .text.OSTaskList
                0x00000000      0x44c ./Sources/OSInfo.o
 .text.OSAvailableMemory
                0x00000000      0x17e ./Sources/OSInfo.o
 .text.OSUptimeInfo
                0x00000000      0x154 ./Sources/OSInfo.o
 .text.OSCPULoad
                0x00000000      0x15a ./Sources/OSInfo.o
 .debug_info    0x00000000      0x4cf ./Sources/OSInfo.o
 .debug_abbrev  0x00000000      0x17d ./Sources/OSInfo.o
 .debug_aranges
                0x00000000       0x48 ./Sources/OSInfo.o
 .debug_ranges  0x00000000       0x38 ./Sources/OSInfo.o
 .debug_macro   0x00000000       0xa4 ./Sources/OSInfo.o
 .debug_macro   0x00000000      0x50e ./Sources/OSInfo.o
 .debug_macro   0x00000000     0x641f ./Sources/OSInfo.o
 .debug_macro   0x00000000       0x34 ./Sources/OSInfo.o
 .debug_macro   0x00000000      0x14b ./Sources/OSInfo.o
 .debug_macro   0x00000000       0x3a ./Sources/OSInfo.o
 .debug_macro   0x00000000      0x166 ./Sources/OSInfo.o
 .debug_macro   0x00000000       0x28 ./Sources/OSInfo.o
 .debug_macro   0x00000000       0xb5 ./Sources/OSInfo.o
 .debug_macro   0x00000000      0x1dd ./Sources/OSInfo.o
 .debug_macro   0x00000000       0x1c ./Sources/OSInfo.o
 .debug_line    0x00000000      0x38e ./Sources/OSInfo.o
 .debug_str     0x00000000    0x1cf11 ./Sources/OSInfo.o
 .comment       0x00000000       0x12 ./Sources/OSInfo.o
 .debug_frame   0x00000000       0xa8 ./Sources/OSInfo.o
 .group         0x00000000        0x8 ./Sources/OSTime.o
 .group         0x00000000        0x8 ./Sources/OSTime.o
 .group         0x00000000        0x8 ./Sources/OSTime.o
 .group         0x00000000        0x8 ./Sources/OSTime.o
 .group         0x00000000        0x8 ./Sources/OSTime.o
 .group         0x00000000        0x8 ./Sources/OSTime.o
 .group         0x00000000        0x8 ./Sources/OSTime.o
 .group         0x00000000        0x8 ./Sources/OSTime.o
 .group         0x00000000        0x8 ./Sources/OSTime.o
 .text          0x00000000        0x0 ./Sources/OSTime.o
 .data          0x00000000        0x0 ./Sources/OSTime.o
 .bss           0x00000000        0x0 ./Sources/OSTime.o
 .bss.Hora      0x00000000        0x3 ./Sources/OSTime.o
 .bss.Data      0x00000000        0x4 ./Sources/OSTime.o
 .bss.OSRtc     0x00000000        0x8 ./Sources/OSTime.o
 .rodata.MonthLength
                0x00000000        0xd ./Sources/OSTime.o
 .bss.LeapMonth
                0x00000000        0x1 ./Sources/OSTime.o
 .text.OSUpdateTime
                0x00000000       0x98 ./Sources/OSTime.o
 .text.OSUpdateUptime
                0x00000000       0xa8 ./Sources/OSTime.o
 .text.OSUpdateDate
                0x00000000       0x9a ./Sources/OSTime.o
 .text.OSResetTime
                0x00000000       0x3e ./Sources/OSTime.o
 .text.OSResetDate
                0x00000000       0x3e ./Sources/OSTime.o
 .text.OSUptime
                0x00000000       0x1e ./Sources/OSTime.o
 .text.OSUpDate
                0x00000000        0xe ./Sources/OSTime.o
 .text.OSUpdateCalendar
                0x00000000      0x182 ./Sources/OSTime.o
 .text.GetCalendar
                0x00000000       0x2c ./Sources/OSTime.o
 .text.SetCalendar
                0x00000000       0x2c ./Sources/OSTime.o
 .text.Init_Calendar
                0x00000000       0x3c ./Sources/OSTime.o
 .debug_info    0x00000000      0x32b ./Sources/OSTime.o
 .debug_abbrev  0x00000000      0x13f ./Sources/OSTime.o
 .debug_aranges
                0x00000000       0x70 ./Sources/OSTime.o
 .debug_ranges  0x00000000       0x60 ./Sources/OSTime.o
 .debug_macro   0x00000000       0x9b ./Sources/OSTime.o
 .debug_macro   0x00000000      0x50e ./Sources/OSTime.o
 .debug_macro   0x00000000     0x641f ./Sources/OSTime.o
 .debug_macro   0x00000000       0x34 ./Sources/OSTime.o
 .debug_macro   0x00000000      0x14b ./Sources/OSTime.o
 .debug_macro   0x00000000       0x3a ./Sources/OSTime.o
 .debug_macro   0x00000000      0x166 ./Sources/OSTime.o
 .debug_macro   0x00000000       0x28 ./Sources/OSTime.o
 .debug_macro   0x00000000       0xb5 ./Sources/OSTime.o
 .debug_macro   0x00000000      0x1dd ./Sources/OSTime.o
 .debug_line    0x00000000      0x350 ./Sources/OSTime.o
 .debug_str     0x00000000    0x1cde6 ./Sources/OSTime.o
 .comment       0x00000000       0x12 ./Sources/OSTime.o
 .debug_frame   0x00000000      0x124 ./Sources/OSTime.o
 .group         0x00000000        0x8 ./Sources/main.o
 .group         0x00000000        0x8 ./Sources/main.o
 .group         0x00000000        0x8 ./Sources/main.o
 .group         0x00000000        0x8 ./Sources/main.o
 .group         0x00000000        0x8 ./Sources/main.o
 .group         0x00000000        0x8 ./Sources/main.o
 .group         0x00000000        0x8 ./Sources/main.o
 .group         0x00000000        0x8 ./Sources/main.o
 .group         0x00000000        0x8 ./Sources/main.o
 .group         0x00000000        0x8 ./Sources/main.o
 .group         0x00000000        0x8 ./Sources/main.o
 .group         0x00000000        0x8 ./Sources/main.o
 .group         0x00000000        0x8 ./Sources/main.o
 .group         0x00000000        0x8 ./Sources/main.o
 .group         0x00000000        0x8 ./Sources/main.o
 .group         0x00000000        0x8 ./Sources/main.o
 .group         0x00000000        0x8 ./Sources/main.o
 .group         0x00000000        0x8 ./Sources/main.o
 .group         0x00000000        0x8 ./Sources/main.o
 .group         0x00000000        0x8 ./Sources/main.o
 .group         0x00000000        0x8 ./Sources/main.o
 .group         0x00000000        0x8 ./Sources/main.o
 .group         0x00000000        0x8 ./Sources/main.o
 .group         0x00000000        0x8 ./Sources/main.o
 .group         0x00000000        0x8 ./Sources/main.o
 .group         0x00000000        0x8 ./Sources/main.o
 .text          0x00000000        0x0 ./Sources/main.o
 .data          0x00000000        0x0 ./Sources/main.o
 .bss           0x00000000        0x0 ./Sources/main.o
 .debug_macro   0x00000000      0x50e ./Sources/main.o
 .debug_macro   0x00000000       0x16 ./Sources/main.o
 .debug_macro   0x00000000       0x35 ./Sources/main.o
 .debug_macro   0x00000000       0xa3 ./Sources/main.o
 .debug_macro   0x00000000       0x4a ./Sources/main.o
 .debug_macro   0x00000000       0x52 ./Sources/main.o
 .debug_macro   0x00000000       0x16 ./Sources/main.o
 .debug_macro   0x00000000       0x43 ./Sources/main.o
 .debug_macro   0x00000000      0x180 ./Sources/main.o
 .debug_macro   0x00000000       0x10 ./Sources/main.o
 .debug_macro   0x00000000       0x22 ./Sources/main.o
 .debug_macro   0x00000000       0xbd ./Sources/main.o
 .debug_macro   0x00000000      0x20f ./Sources/main.o
 .debug_macro   0x00000000     0x641f ./Sources/main.o
 .debug_macro   0x00000000       0x34 ./Sources/main.o
 .debug_macro   0x00000000      0x14b ./Sources/main.o
 .debug_macro   0x00000000       0x3a ./Sources/main.o
 .debug_macro   0x00000000       0x28 ./Sources/main.o
 .debug_macro   0x00000000       0xb5 ./Sources/main.o
 .debug_macro   0x00000000      0x1dd ./Sources/main.o
 .group         0x00000000        0x8 ./Sources/mbox.o
 .group         0x00000000        0x8 ./Sources/mbox.o
 .group         0x00000000        0x8 ./Sources/mbox.o
 .group         0x00000000        0x8 ./Sources/mbox.o
 .group         0x00000000        0x8 ./Sources/mbox.o
 .group         0x00000000        0x8 ./Sources/mbox.o
 .group         0x00000000        0x8 ./Sources/mbox.o
 .group         0x00000000        0x8 ./Sources/mbox.o
 .group         0x00000000        0x8 ./Sources/mbox.o
 .text          0x00000000        0x0 ./Sources/mbox.o
 .data          0x00000000        0x0 ./Sources/mbox.o
 .bss           0x00000000        0x0 ./Sources/mbox.o
 .text.OSMboxCreate
                0x00000000      0x142 ./Sources/mbox.o
 .text.OSMboxDelete
                0x00000000       0x7c ./Sources/mbox.o
 .text.OSMboxPend
                0x00000000      0x3e6 ./Sources/mbox.o
 .text.OSMboxPost
                0x00000000      0x176 ./Sources/mbox.o
 .debug_info    0x00000000      0x3f0 ./Sources/mbox.o
 .debug_abbrev  0x00000000      0x13a ./Sources/mbox.o
 .debug_aranges
                0x00000000       0x38 ./Sources/mbox.o
 .debug_ranges  0x00000000       0x28 ./Sources/mbox.o
 .debug_macro   0x00000000       0x9b ./Sources/mbox.o
 .debug_macro   0x00000000      0x50e ./Sources/mbox.o
 .debug_macro   0x00000000     0x641f ./Sources/mbox.o
 .debug_macro   0x00000000       0x34 ./Sources/mbox.o
 .debug_macro   0x00000000      0x14b ./Sources/mbox.o
 .debug_macro   0x00000000       0x3a ./Sources/mbox.o
 .debug_macro   0x00000000      0x166 ./Sources/mbox.o
 .debug_macro   0x00000000       0x28 ./Sources/mbox.o
 .debug_macro   0x00000000       0xb5 ./Sources/mbox.o
 .debug_macro   0x00000000      0x1dd ./Sources/mbox.o
 .debug_line    0x00000000      0x327 ./Sources/mbox.o
 .debug_str     0x00000000    0x1ce91 ./Sources/mbox.o
 .comment       0x00000000       0x12 ./Sources/mbox.o
 .debug_frame   0x00000000       0x7c ./Sources/mbox.o
 .group         0x00000000        0x8 ./Sources/mutex.o
 .group         0x00000000        0x8 ./Sources/mutex.o
 .group         0x00000000        0x8 ./Sources/mutex.o
 .group         0x00000000        0x8 ./Sources/mutex.o
 .group         0x00000000        0x8 ./Sources/mutex.o
 .group         0x00000000        0x8 ./Sources/mutex.o
 .group         0x00000000        0x8 ./Sources/mutex.o
 .group         0x00000000        0x8 ./Sources/mutex.o
 .group         0x00000000        0x8 ./Sources/mutex.o
 .text          0x00000000        0x0 ./Sources/mutex.o
 .data          0x00000000        0x0 ./Sources/mutex.o
 .bss           0x00000000        0x0 ./Sources/mutex.o
 .text.OSMutexCreate
                0x00000000      0x170 ./Sources/mutex.o
 .text.OSMutexDelete
                0x00000000       0x96 ./Sources/mutex.o
 .text.OSMutexAcquire
                0x00000000      0x594 ./Sources/mutex.o
 .text.OSMutexRelease
                0x00000000      0x268 ./Sources/mutex.o
 .debug_info    0x00000000      0x3e1 ./Sources/mutex.o
 .debug_abbrev  0x00000000      0x13e ./Sources/mutex.o
 .debug_aranges
                0x00000000       0x38 ./Sources/mutex.o
 .debug_ranges  0x00000000       0x28 ./Sources/mutex.o
 .debug_macro   0x00000000       0x9b ./Sources/mutex.o
 .debug_macro   0x00000000      0x50e ./Sources/mutex.o
 .debug_macro   0x00000000     0x641f ./Sources/mutex.o
 .debug_macro   0x00000000       0x34 ./Sources/mutex.o
 .debug_macro   0x00000000      0x14b ./Sources/mutex.o
 .debug_macro   0x00000000       0x3a ./Sources/mutex.o
 .debug_macro   0x00000000      0x166 ./Sources/mutex.o
 .debug_macro   0x00000000       0x28 ./Sources/mutex.o
 .debug_macro   0x00000000       0xb5 ./Sources/mutex.o
 .debug_macro   0x00000000      0x1dd ./Sources/mutex.o
 .debug_line    0x00000000      0x350 ./Sources/mutex.o
 .debug_str     0x00000000    0x1ceb8 ./Sources/mutex.o
 .comment       0x00000000       0x12 ./Sources/mutex.o
 .debug_frame   0x00000000       0x80 ./Sources/mutex.o
 .group         0x00000000        0x8 ./Sources/queue.o
 .group         0x00000000        0x8 ./Sources/queue.o
 .group         0x00000000        0x8 ./Sources/queue.o
 .group         0x00000000        0x8 ./Sources/queue.o
 .group         0x00000000        0x8 ./Sources/queue.o
 .group         0x00000000        0x8 ./Sources/queue.o
 .group         0x00000000        0x8 ./Sources/queue.o
 .group         0x00000000        0x8 ./Sources/queue.o
 .group         0x00000000        0x8 ./Sources/queue.o
 .text          0x00000000        0x0 ./Sources/queue.o
 .data          0x00000000        0x0 ./Sources/queue.o
 .bss           0x00000000        0x0 ./Sources/queue.o
 .text.OSQueueCreate
                0x00000000      0x22a ./Sources/queue.o
 .text.OSWQueue
                0x00000000       0xca ./Sources/queue.o
 .text.OSRQueue
                0x00000000       0xba ./Sources/queue.o
 .text.OSQueueClean
                0x00000000       0x64 ./Sources/queue.o
 .text.OSQueuePend
                0x00000000      0x484 ./Sources/queue.o
 .text.OSQueuePost
                0x00000000      0x1f2 ./Sources/queue.o
 .text.OSDQueueCreate
                0x00000000      0x20e ./Sources/queue.o
 .text.OSDQueueDelete
                0x00000000       0xa8 ./Sources/queue.o
 .text.OSDQueueClean
                0x00000000       0x64 ./Sources/queue.o
 .text.OSDQueuePend
                0x00000000      0x4b8 ./Sources/queue.o
 .text.OSDQueuePost
                0x00000000      0x216 ./Sources/queue.o
 .debug_info    0x00000000      0x839 ./Sources/queue.o
 .debug_abbrev  0x00000000      0x152 ./Sources/queue.o
 .debug_aranges
                0x00000000       0x70 ./Sources/queue.o
 .debug_ranges  0x00000000       0x60 ./Sources/queue.o
 .debug_macro   0x00000000       0x9b ./Sources/queue.o
 .debug_macro   0x00000000      0x50e ./Sources/queue.o
 .debug_macro   0x00000000     0x641f ./Sources/queue.o
 .debug_macro   0x00000000       0x34 ./Sources/queue.o
 .debug_macro   0x00000000      0x14b ./Sources/queue.o
 .debug_macro   0x00000000       0x3a ./Sources/queue.o
 .debug_macro   0x00000000      0x166 ./Sources/queue.o
 .debug_macro   0x00000000       0x28 ./Sources/queue.o
 .debug_macro   0x00000000       0xb5 ./Sources/queue.o
 .debug_macro   0x00000000      0x1dd ./Sources/queue.o
 .debug_line    0x00000000      0x4cc ./Sources/queue.o
 .debug_str     0x00000000    0x1cfa3 ./Sources/queue.o
 .comment       0x00000000       0x12 ./Sources/queue.o
 .debug_frame   0x00000000      0x128 ./Sources/queue.o
 .group         0x00000000        0x8 ./Sources/semaphore.o
 .group         0x00000000        0x8 ./Sources/semaphore.o
 .group         0x00000000        0x8 ./Sources/semaphore.o
 .group         0x00000000        0x8 ./Sources/semaphore.o
 .group         0x00000000        0x8 ./Sources/semaphore.o
 .group         0x00000000        0x8 ./Sources/semaphore.o
 .group         0x00000000        0x8 ./Sources/semaphore.o
 .group         0x00000000        0x8 ./Sources/semaphore.o
 .group         0x00000000        0x8 ./Sources/semaphore.o
 .text          0x00000000        0x0 ./Sources/semaphore.o
 .data          0x00000000        0x0 ./Sources/semaphore.o
 .bss           0x00000000        0x0 ./Sources/semaphore.o
 .text.OSSemCreate
                0x00000000      0x116 ./Sources/semaphore.o
 .text.OSSemBinaryCreate
                0x00000000      0x12c ./Sources/semaphore.o
 .text.OSSemDelete
                0x00000000       0x72 ./Sources/semaphore.o
 .text.OSSemPend
                0x00000000      0x3ae ./Sources/semaphore.o
 .text.OSSemPost
                0x00000000      0x19c ./Sources/semaphore.o
 .debug_info    0x00000000      0x42c ./Sources/semaphore.o
 .debug_abbrev  0x00000000      0x14d ./Sources/semaphore.o
 .debug_aranges
                0x00000000       0x40 ./Sources/semaphore.o
 .debug_ranges  0x00000000       0x30 ./Sources/semaphore.o
 .debug_macro   0x00000000       0x9b ./Sources/semaphore.o
 .debug_macro   0x00000000      0x50e ./Sources/semaphore.o
 .debug_macro   0x00000000     0x641f ./Sources/semaphore.o
 .debug_macro   0x00000000       0x34 ./Sources/semaphore.o
 .debug_macro   0x00000000      0x14b ./Sources/semaphore.o
 .debug_macro   0x00000000       0x3a ./Sources/semaphore.o
 .debug_macro   0x00000000      0x166 ./Sources/semaphore.o
 .debug_macro   0x00000000       0x28 ./Sources/semaphore.o
 .debug_macro   0x00000000       0xb5 ./Sources/semaphore.o
 .debug_macro   0x00000000      0x1dd ./Sources/semaphore.o
 .debug_line    0x00000000      0x362 ./Sources/semaphore.o
 .debug_str     0x00000000    0x1ce86 ./Sources/semaphore.o
 .comment       0x00000000       0x12 ./Sources/semaphore.o
 .debug_frame   0x00000000       0x98 ./Sources/semaphore.o
 .group         0x00000000        0x8 ./Sources/stimer.o
 .group         0x00000000        0x8 ./Sources/stimer.o
 .group         0x00000000        0x8 ./Sources/stimer.o
 .group         0x00000000        0x8 ./Sources/stimer.o
 .group         0x00000000        0x8 ./Sources/stimer.o
 .group         0x00000000        0x8 ./Sources/stimer.o
 .group         0x00000000        0x8 ./Sources/stimer.o
 .group         0x00000000        0x8 ./Sources/stimer.o
 .group         0x00000000        0x8 ./Sources/stimer.o
 .group         0x00000000        0x8 ./Sources/stimer.o
 .text          0x00000000        0x0 ./Sources/stimer.o
 .data          0x00000000        0x0 ./Sources/stimer.o
 .bss           0x00000000        0x0 ./Sources/stimer.o
 .bss.BRTOS_TIMER_VECTOR
                0x00000000       0x5a ./Sources/stimer.o
 .bss.BRTOS_TMR_PING
                0x00000000       0x22 ./Sources/stimer.o
 .bss.BRTOS_TMR_PONG
                0x00000000       0x22 ./Sources/stimer.o
 .text.Subir    0x00000000       0xa6 ./Sources/stimer.o
 .text.Descer   0x00000000      0x10a ./Sources/stimer.o
 .text.BRTOS_TimerTaskInit
                0x00000000       0xc0 ./Sources/stimer.o
 .text.BRTOS_TimerTaskSleep
                0x00000000      0x106 ./Sources/stimer.o
 .text.BRTOSTimerTask
                0x00000000      0x2d8 ./Sources/stimer.o
 .rodata        0x00000000       0x12 ./Sources/stimer.o
 .text.OSTimerInit
                0x00000000       0x48 ./Sources/stimer.o
 .text.OSTimerSet
                0x00000000      0x290 ./Sources/stimer.o
 .text.OSTimerGet
                0x00000000       0xac ./Sources/stimer.o
 .text.OSTimerStart
                0x00000000      0x1cc ./Sources/stimer.o
 .text.OSTimerStop
                0x00000000      0x18e ./Sources/stimer.o
 .debug_info    0x00000000      0x6b9 ./Sources/stimer.o
 .debug_abbrev  0x00000000      0x1d7 ./Sources/stimer.o
 .debug_aranges
                0x00000000       0x68 ./Sources/stimer.o
 .debug_ranges  0x00000000       0x58 ./Sources/stimer.o
 .debug_macro   0x00000000       0xce ./Sources/stimer.o
 .debug_macro   0x00000000      0x50e ./Sources/stimer.o
 .debug_macro   0x00000000       0x3a ./Sources/stimer.o
 .debug_macro   0x00000000     0x641f ./Sources/stimer.o
 .debug_macro   0x00000000       0x34 ./Sources/stimer.o
 .debug_macro   0x00000000      0x14b ./Sources/stimer.o
 .debug_macro   0x00000000       0xb5 ./Sources/stimer.o
 .debug_macro   0x00000000      0x1e3 ./Sources/stimer.o
 .debug_macro   0x00000000      0x166 ./Sources/stimer.o
 .debug_macro   0x00000000       0x28 ./Sources/stimer.o
 .debug_macro   0x00000000       0x1c ./Sources/stimer.o
 .debug_line    0x00000000      0x445 ./Sources/stimer.o
 .debug_str     0x00000000    0x1d07b ./Sources/stimer.o
 .comment       0x00000000       0x12 ./Sources/stimer.o
 .debug_frame   0x00000000      0x10c ./Sources/stimer.o
 .group         0x00000000        0x8 ./Sources/tasks.o
 .group         0x00000000        0x8 ./Sources/tasks.o
 .group         0x00000000        0x8 ./Sources/tasks.o
 .group         0x00000000        0x8 ./Sources/tasks.o
 .group         0x00000000        0x8 ./Sources/tasks.o
 .group         0x00000000        0x8 ./Sources/tasks.o
 .group         0x00000000        0x8 ./Sources/tasks.o
 .group         0x00000000        0x8 ./Sources/tasks.o
 .group         0x00000000        0x8 ./Sources/tasks.o
 .text          0x00000000        0x0 ./Sources/tasks.o
 .data          0x00000000        0x0 ./Sources/tasks.o
 .bss           0x00000000        0x0 ./Sources/tasks.o
 .debug_macro   0x00000000      0x50e ./Sources/tasks.o
 .debug_macro   0x00000000     0x641f ./Sources/tasks.o
 .debug_macro   0x00000000       0x34 ./Sources/tasks.o
 .debug_macro   0x00000000      0x14b ./Sources/tasks.o
 .debug_macro   0x00000000       0x3a ./Sources/tasks.o
 .debug_macro   0x00000000      0x166 ./Sources/tasks.o
 .debug_macro   0x00000000       0x28 ./Sources/tasks.o
 .debug_macro   0x00000000       0xb5 ./Sources/tasks.o
 .debug_macro   0x00000000      0x1dd ./Sources/tasks.o
 .group         0x00000000        0x8 ./Sources/umm_malloc.o
 .group         0x00000000        0x8 ./Sources/umm_malloc.o
 .group         0x00000000        0x8 ./Sources/umm_malloc.o
 .group         0x00000000        0x8 ./Sources/umm_malloc.o
 .group         0x00000000        0x8 ./Sources/umm_malloc.o
 .group         0x00000000        0x8 ./Sources/umm_malloc.o
 .group         0x00000000        0x8 ./Sources/umm_malloc.o
 .group         0x00000000        0x8 ./Sources/umm_malloc.o
 .group         0x00000000        0x8 ./Sources/umm_malloc.o
 .group         0x00000000        0x8 ./Sources/umm_malloc.o
 .group         0x00000000        0x8 ./Sources/umm_malloc.o
 .group         0x00000000        0x8 ./Sources/umm_malloc.o
 .group         0x00000000        0x8 ./Sources/umm_malloc.o
 .group         0x00000000        0x8 ./Sources/umm_malloc.o
 .group         0x00000000        0x8 ./Sources/umm_malloc.o
 .group         0x00000000        0x8 ./Sources/umm_malloc.o
 .group         0x00000000        0x8 ./Sources/umm_malloc.o
 .group         0x00000000        0x8 ./Sources/umm_malloc.o
 .group         0x00000000        0x8 ./Sources/umm_malloc.o
 .group         0x00000000        0x8 ./Sources/umm_malloc.o
 .group         0x00000000        0x8 ./Sources/umm_malloc.o
 .group         0x00000000        0x8 ./Sources/umm_malloc.o
 .group         0x00000000        0x8 ./Sources/umm_malloc.o
 .group         0x00000000        0x8 ./Sources/umm_malloc.o
 .group         0x00000000        0x8 ./Sources/umm_malloc.o
 .group         0x00000000        0x8 ./Sources/umm_malloc.o
 .group         0x00000000        0x8 ./Sources/umm_malloc.o
 .group         0x00000000        0x8 ./Sources/umm_malloc.o
 .text          0x00000000        0x0 ./Sources/umm_malloc.o
 .data          0x00000000        0x0 ./Sources/umm_malloc.o
 .bss           0x00000000        0x0 ./Sources/umm_malloc.o
 .rodata.umm_numblocks
                0x00000000        0x2 ./Sources/umm_malloc.o
 .text.umm_info
                0x00000000      0x1ea ./Sources/umm_malloc.o
 .text.OSGetUsedHeapSize
                0x00000000       0x1e ./Sources/umm_malloc.o
 .text.OSGetFreeHeapSize
                0x00000000       0x1e ./Sources/umm_malloc.o
 .text.umm_blocks
                0x00000000       0x24 ./Sources/umm_malloc.o
 .text.umm_make_new_block
                0x00000000       0xde ./Sources/umm_malloc.o
 .text.umm_disconnect_from_free_list
                0x00000000       0xb8 ./Sources/umm_malloc.o
 .text.umm_assimilate_up
                0x00000000       0xe6 ./Sources/umm_malloc.o
 .text.umm_assimilate_down
                0x00000000       0xae ./Sources/umm_malloc.o
 .text.umm_free
                0x00000000      0x122 ./Sources/umm_malloc.o
 .text.umm_malloc
                0x00000000      0x258 ./Sources/umm_malloc.o
 .debug_info    0x00000000      0x42f ./Sources/umm_malloc.o
 .debug_abbrev  0x00000000      0x1a4 ./Sources/umm_malloc.o
 .debug_aranges
                0x00000000       0x68 ./Sources/umm_malloc.o
 .debug_ranges  0x00000000       0x58 ./Sources/umm_malloc.o
 .debug_macro   0x00000000      0x1dd ./Sources/umm_malloc.o
 .debug_macro   0x00000000      0x50e ./Sources/umm_malloc.o
 .debug_macro   0x00000000       0x16 ./Sources/umm_malloc.o
 .debug_macro   0x00000000       0x35 ./Sources/umm_malloc.o
 .debug_macro   0x00000000       0xa3 ./Sources/umm_malloc.o
 .debug_macro   0x00000000       0x16 ./Sources/umm_malloc.o
 .debug_macro   0x00000000       0x97 ./Sources/umm_malloc.o
 .debug_macro   0x00000000       0x10 ./Sources/umm_malloc.o
 .debug_macro   0x00000000       0xef ./Sources/umm_malloc.o
 .debug_macro   0x00000000       0x4a ./Sources/umm_malloc.o
 .debug_macro   0x00000000       0x52 ./Sources/umm_malloc.o
 .debug_macro   0x00000000       0x16 ./Sources/umm_malloc.o
 .debug_macro   0x00000000       0x43 ./Sources/umm_malloc.o
 .debug_macro   0x00000000      0x180 ./Sources/umm_malloc.o
 .debug_macro   0x00000000       0x10 ./Sources/umm_malloc.o
 .debug_macro   0x00000000       0x22 ./Sources/umm_malloc.o
 .debug_macro   0x00000000       0xbd ./Sources/umm_malloc.o
 .debug_macro   0x00000000       0x16 ./Sources/umm_malloc.o
 .debug_macro   0x00000000      0x14a ./Sources/umm_malloc.o
 .debug_macro   0x00000000      0x2a3 ./Sources/umm_malloc.o
 .debug_macro   0x00000000       0x10 ./Sources/umm_malloc.o
 .debug_macro   0x00000000       0x35 ./Sources/umm_malloc.o
 .debug_macro   0x00000000     0x641f ./Sources/umm_malloc.o
 .debug_macro   0x00000000       0x34 ./Sources/umm_malloc.o
 .debug_macro   0x00000000      0x14b ./Sources/umm_malloc.o
 .debug_macro   0x00000000       0x3a ./Sources/umm_malloc.o
 .debug_macro   0x00000000       0xb5 ./Sources/umm_malloc.o
 .debug_macro   0x00000000      0x1dd ./Sources/umm_malloc.o
 .debug_macro   0x00000000       0x28 ./Sources/umm_malloc.o
 .debug_line    0x00000000      0x4ff ./Sources/umm_malloc.o
 .debug_str     0x00000000    0x1fc47 ./Sources/umm_malloc.o
 .comment       0x00000000       0x12 ./Sources/umm_malloc.o
 .debug_frame   0x00000000      0x11c ./Sources/umm_malloc.o
 COMMON         0x00000000      0x40c ./Sources/umm_malloc.o
 .text          0x00000000       0x30 c:/program files/pgo/gcc-m68k-elf/bin/../lib/gcc/m68k-elf/4.8.3/m51qe\libgcc.a(_udivsi3.o)
 .data          0x00000000        0x0 c:/program files/pgo/gcc-m68k-elf/bin/../lib/gcc/m68k-elf/4.8.3/m51qe\libgcc.a(_udivsi3.o)
 .bss           0x00000000        0x0 c:/program files/pgo/gcc-m68k-elf/bin/../lib/gcc/m68k-elf/4.8.3/m51qe\libgcc.a(_udivsi3.o)
 .debug_line    0x00000000       0x74 c:/program files/pgo/gcc-m68k-elf/bin/../lib/gcc/m68k-elf/4.8.3/m51qe\libgcc.a(_udivsi3.o)
 .debug_info    0x00000000       0xa3 c:/program files/pgo/gcc-m68k-elf/bin/../lib/gcc/m68k-elf/4.8.3/m51qe\libgcc.a(_udivsi3.o)
 .debug_abbrev  0x00000000       0x14 c:/program files/pgo/gcc-m68k-elf/bin/../lib/gcc/m68k-elf/4.8.3/m51qe\libgcc.a(_udivsi3.o)
 .debug_aranges
                0x00000000       0x20 c:/program files/pgo/gcc-m68k-elf/bin/../lib/gcc/m68k-elf/4.8.3/m51qe\libgcc.a(_udivsi3.o)
 .text          0x00000000       0x2e c:/program files/pgo/gcc-m68k-elf/bin/../lib/gcc/m68k-elf/4.8.3/m51qe\libgcc.a(_divsi3.o)
 .data          0x00000000        0x0 c:/program files/pgo/gcc-m68k-elf/bin/../lib/gcc/m68k-elf/4.8.3/m51qe\libgcc.a(_divsi3.o)
 .bss           0x00000000        0x0 c:/program files/pgo/gcc-m68k-elf/bin/../lib/gcc/m68k-elf/4.8.3/m51qe\libgcc.a(_divsi3.o)
 .debug_line    0x00000000       0x75 c:/program files/pgo/gcc-m68k-elf/bin/../lib/gcc/m68k-elf/4.8.3/m51qe\libgcc.a(_divsi3.o)
 .debug_info    0x00000000       0xa3 c:/program files/pgo/gcc-m68k-elf/bin/../lib/gcc/m68k-elf/4.8.3/m51qe\libgcc.a(_divsi3.o)
 .debug_abbrev  0x00000000       0x14 c:/program files/pgo/gcc-m68k-elf/bin/../lib/gcc/m68k-elf/4.8.3/m51qe\libgcc.a(_divsi3.o)
 .debug_aranges
                0x00000000       0x20 c:/program files/pgo/gcc-m68k-elf/bin/../lib/gcc/m68k-elf/4.8.3/m51qe\libgcc.a(_divsi3.o)
 .text          0x00000000       0x26 c:/program files/pgo/gcc-m68k-elf/bin/../lib/gcc/m68k-elf/4.8.3/m51qe\libgcc.a(_umodsi3.o)
 .data          0x00000000        0x0 c:/program files/pgo/gcc-m68k-elf/bin/../lib/gcc/m68k-elf/4.8.3/m51qe\libgcc.a(_umodsi3.o)
 .bss           0x00000000        0x0 c:/program files/pgo/gcc-m68k-elf/bin/../lib/gcc/m68k-elf/4.8.3/m51qe\libgcc.a(_umodsi3.o)
 .debug_line    0x00000000       0x6e c:/program files/pgo/gcc-m68k-elf/bin/../lib/gcc/m68k-elf/4.8.3/m51qe\libgcc.a(_umodsi3.o)
 .debug_info    0x00000000       0xa3 c:/program files/pgo/gcc-m68k-elf/bin/../lib/gcc/m68k-elf/4.8.3/m51qe\libgcc.a(_umodsi3.o)
 .debug_abbrev  0x00000000       0x14 c:/program files/pgo/gcc-m68k-elf/bin/../lib/gcc/m68k-elf/4.8.3/m51qe\libgcc.a(_umodsi3.o)
 .debug_aranges
                0x00000000       0x20 c:/program files/pgo/gcc-m68k-elf/bin/../lib/gcc/m68k-elf/4.8.3/m51qe\libgcc.a(_umodsi3.o)
 .data          0x00000000        0x0 c:/program files/pgo/gcc-m68k-elf/bin/../lib/gcc/m68k-elf/4.8.3/../../../../m68k-elf/lib/m51qe\libc.a(lib_a-exit.o)
 .bss           0x00000000        0x0 c:/program files/pgo/gcc-m68k-elf/bin/../lib/gcc/m68k-elf/4.8.3/../../../../m68k-elf/lib/m51qe\libc.a(lib_a-exit.o)
 .data          0x00000000        0x0 c:/program files/pgo/gcc-m68k-elf/bin/../lib/gcc/m68k-elf/4.8.3/../../../../m68k-elf/lib/m51qe\libc.a(lib_a-fini.o)
 .bss           0x00000000        0x0 c:/program files/pgo/gcc-m68k-elf/bin/../lib/gcc/m68k-elf/4.8.3/../../../../m68k-elf/lib/m51qe\libc.a(lib_a-fini.o)
 .text          0x00000000        0x0 c:/program files/pgo/gcc-m68k-elf/bin/../lib/gcc/m68k-elf/4.8.3/../../../../m68k-elf/lib/m51qe\libc.a(lib_a-impure.o)
 .bss           0x00000000        0x0 c:/program files/pgo/gcc-m68k-elf/bin/../lib/gcc/m68k-elf/4.8.3/../../../../m68k-elf/lib/m51qe\libc.a(lib_a-impure.o)
 .text          0x00000000       0x6c c:/program files/pgo/gcc-m68k-elf/bin/../lib/gcc/m68k-elf/4.8.3/../../../../m68k-elf/lib/m51qe\libc.a(lib_a-memset.o)
 .data          0x00000000        0x0 c:/program files/pgo/gcc-m68k-elf/bin/../lib/gcc/m68k-elf/4.8.3/../../../../m68k-elf/lib/m51qe\libc.a(lib_a-memset.o)
 .bss           0x00000000        0x0 c:/program files/pgo/gcc-m68k-elf/bin/../lib/gcc/m68k-elf/4.8.3/../../../../m68k-elf/lib/m51qe\libc.a(lib_a-memset.o)
 .debug_line    0x00000000       0x97 c:/program files/pgo/gcc-m68k-elf/bin/../lib/gcc/m68k-elf/4.8.3/../../../../m68k-elf/lib/m51qe\libc.a(lib_a-memset.o)
 .debug_info    0x00000000       0xce c:/program files/pgo/gcc-m68k-elf/bin/../lib/gcc/m68k-elf/4.8.3/../../../../m68k-elf/lib/m51qe\libc.a(lib_a-memset.o)
 .debug_abbrev  0x00000000       0x14 c:/program files/pgo/gcc-m68k-elf/bin/../lib/gcc/m68k-elf/4.8.3/../../../../m68k-elf/lib/m51qe\libc.a(lib_a-memset.o)
 .debug_aranges
                0x00000000       0x20 c:/program files/pgo/gcc-m68k-elf/bin/../lib/gcc/m68k-elf/4.8.3/../../../../m68k-elf/lib/m51qe\libc.a(lib_a-memset.o)
 .text          0x00000000      0x170 c:/program files/pgo/gcc-m68k-elf/bin/../lib/gcc/m68k-elf/4.8.3/../../../../m68k-elf/lib/m51qe\libc.a(lib_a-reent.o)
 .data          0x00000000        0x0 c:/program files/pgo/gcc-m68k-elf/bin/../lib/gcc/m68k-elf/4.8.3/../../../../m68k-elf/lib/m51qe\libc.a(lib_a-reent.o)
 .bss           0x00000000        0x0 c:/program files/pgo/gcc-m68k-elf/bin/../lib/gcc/m68k-elf/4.8.3/../../../../m68k-elf/lib/m51qe\libc.a(lib_a-reent.o)
 .debug_info    0x00000000      0x84a c:/program files/pgo/gcc-m68k-elf/bin/../lib/gcc/m68k-elf/4.8.3/../../../../m68k-elf/lib/m51qe\libc.a(lib_a-reent.o)
 .debug_abbrev  0x00000000      0x1d7 c:/program files/pgo/gcc-m68k-elf/bin/../lib/gcc/m68k-elf/4.8.3/../../../../m68k-elf/lib/m51qe\libc.a(lib_a-reent.o)
 .debug_loc     0x00000000       0x44 c:/program files/pgo/gcc-m68k-elf/bin/../lib/gcc/m68k-elf/4.8.3/../../../../m68k-elf/lib/m51qe\libc.a(lib_a-reent.o)
 .debug_aranges
                0x00000000       0x20 c:/program files/pgo/gcc-m68k-elf/bin/../lib/gcc/m68k-elf/4.8.3/../../../../m68k-elf/lib/m51qe\libc.a(lib_a-reent.o)
 .debug_ranges  0x00000000       0x18 c:/program files/pgo/gcc-m68k-elf/bin/../lib/gcc/m68k-elf/4.8.3/../../../../m68k-elf/lib/m51qe\libc.a(lib_a-reent.o)
 .debug_line    0x00000000      0x1b2 c:/program files/pgo/gcc-m68k-elf/bin/../lib/gcc/m68k-elf/4.8.3/../../../../m68k-elf/lib/m51qe\libc.a(lib_a-reent.o)
 .debug_str     0x00000000      0x500 c:/program files/pgo/gcc-m68k-elf/bin/../lib/gcc/m68k-elf/4.8.3/../../../../m68k-elf/lib/m51qe\libc.a(lib_a-reent.o)
 .comment       0x00000000       0x12 c:/program files/pgo/gcc-m68k-elf/bin/../lib/gcc/m68k-elf/4.8.3/../../../../m68k-elf/lib/m51qe\libc.a(lib_a-reent.o)
 .debug_frame   0x00000000       0x50 c:/program files/pgo/gcc-m68k-elf/bin/../lib/gcc/m68k-elf/4.8.3/../../../../m68k-elf/lib/m51qe\libc.a(lib_a-reent.o)
 COMMON         0x00000000        0x4 c:/program files/pgo/gcc-m68k-elf/bin/../lib/gcc/m68k-elf/4.8.3/../../../../m68k-elf/lib/m51qe\libc.a(lib_a-reent.o)
 .text          0x00000000       0xdc c:/program files/pgo/gcc-m68k-elf/bin/../lib/gcc/m68k-elf/4.8.3/../../../../m68k-elf/lib/m51qe\libc.a(lib_a-nano-freer.o)
 .data          0x00000000        0x0 c:/program files/pgo/gcc-m68k-elf/bin/../lib/gcc/m68k-elf/4.8.3/../../../../m68k-elf/lib/m51qe\libc.a(lib_a-nano-freer.o)
 .bss           0x00000000        0x0 c:/program files/pgo/gcc-m68k-elf/bin/../lib/gcc/m68k-elf/4.8.3/../../../../m68k-elf/lib/m51qe\libc.a(lib_a-nano-freer.o)
 .debug_info    0x00000000      0x823 c:/program files/pgo/gcc-m68k-elf/bin/../lib/gcc/m68k-elf/4.8.3/../../../../m68k-elf/lib/m51qe\libc.a(lib_a-nano-freer.o)
 .debug_abbrev  0x00000000      0x1b6 c:/program files/pgo/gcc-m68k-elf/bin/../lib/gcc/m68k-elf/4.8.3/../../../../m68k-elf/lib/m51qe\libc.a(lib_a-nano-freer.o)
 .debug_loc     0x00000000      0x10a c:/program files/pgo/gcc-m68k-elf/bin/../lib/gcc/m68k-elf/4.8.3/../../../../m68k-elf/lib/m51qe\libc.a(lib_a-nano-freer.o)
 .debug_aranges
                0x00000000       0x20 c:/program files/pgo/gcc-m68k-elf/bin/../lib/gcc/m68k-elf/4.8.3/../../../../m68k-elf/lib/m51qe\libc.a(lib_a-nano-freer.o)
 .debug_ranges  0x00000000       0x18 c:/program files/pgo/gcc-m68k-elf/bin/../lib/gcc/m68k-elf/4.8.3/../../../../m68k-elf/lib/m51qe\libc.a(lib_a-nano-freer.o)
 .debug_line    0x00000000      0x19d c:/program files/pgo/gcc-m68k-elf/bin/../lib/gcc/m68k-elf/4.8.3/../../../../m68k-elf/lib/m51qe\libc.a(lib_a-nano-freer.o)
 .debug_str     0x00000000      0x539 c:/program files/pgo/gcc-m68k-elf/bin/../lib/gcc/m68k-elf/4.8.3/../../../../m68k-elf/lib/m51qe\libc.a(lib_a-nano-freer.o)
 .comment       0x00000000       0x12 c:/program files/pgo/gcc-m68k-elf/bin/../lib/gcc/m68k-elf/4.8.3/../../../../m68k-elf/lib/m51qe\libc.a(lib_a-nano-freer.o)
 .debug_frame   0x00000000       0x30 c:/program files/pgo/gcc-m68k-elf/bin/../lib/gcc/m68k-elf/4.8.3/../../../../m68k-elf/lib/m51qe\libc.a(lib_a-nano-freer.o)
 .text          0x00000000      0x13e c:/program files/pgo/gcc-m68k-elf/bin/../lib/gcc/m68k-elf/4.8.3/../../../../m68k-elf/lib/m51qe\libc.a(lib_a-nano-mallocr.o)
 .data          0x00000000        0x0 c:/program files/pgo/gcc-m68k-elf/bin/../lib/gcc/m68k-elf/4.8.3/../../../../m68k-elf/lib/m51qe\libc.a(lib_a-nano-mallocr.o)
 .bss           0x00000000        0x8 c:/program files/pgo/gcc-m68k-elf/bin/../lib/gcc/m68k-elf/4.8.3/../../../../m68k-elf/lib/m51qe\libc.a(lib_a-nano-mallocr.o)
 .debug_info    0x00000000      0x8d2 c:/program files/pgo/gcc-m68k-elf/bin/../lib/gcc/m68k-elf/4.8.3/../../../../m68k-elf/lib/m51qe\libc.a(lib_a-nano-mallocr.o)
 .debug_abbrev  0x00000000      0x239 c:/program files/pgo/gcc-m68k-elf/bin/../lib/gcc/m68k-elf/4.8.3/../../../../m68k-elf/lib/m51qe\libc.a(lib_a-nano-mallocr.o)
 .debug_loc     0x00000000      0x1db c:/program files/pgo/gcc-m68k-elf/bin/../lib/gcc/m68k-elf/4.8.3/../../../../m68k-elf/lib/m51qe\libc.a(lib_a-nano-mallocr.o)
 .debug_aranges
                0x00000000       0x20 c:/program files/pgo/gcc-m68k-elf/bin/../lib/gcc/m68k-elf/4.8.3/../../../../m68k-elf/lib/m51qe\libc.a(lib_a-nano-mallocr.o)
 .debug_ranges  0x00000000       0x40 c:/program files/pgo/gcc-m68k-elf/bin/../lib/gcc/m68k-elf/4.8.3/../../../../m68k-elf/lib/m51qe\libc.a(lib_a-nano-mallocr.o)
 .debug_line    0x00000000      0x1e3 c:/program files/pgo/gcc-m68k-elf/bin/../lib/gcc/m68k-elf/4.8.3/../../../../m68k-elf/lib/m51qe\libc.a(lib_a-nano-mallocr.o)
 .debug_str     0x00000000      0x56e c:/program files/pgo/gcc-m68k-elf/bin/../lib/gcc/m68k-elf/4.8.3/../../../../m68k-elf/lib/m51qe\libc.a(lib_a-nano-mallocr.o)
 .comment       0x00000000       0x12 c:/program files/pgo/gcc-m68k-elf/bin/../lib/gcc/m68k-elf/4.8.3/../../../../m68k-elf/lib/m51qe\libc.a(lib_a-nano-mallocr.o)
 .debug_frame   0x00000000       0x34 c:/program files/pgo/gcc-m68k-elf/bin/../lib/gcc/m68k-elf/4.8.3/../../../../m68k-elf/lib/m51qe\libc.a(lib_a-nano-mallocr.o)
 .text          0x00000000       0x32 c:/program files/pgo/gcc-m68k-elf/bin/../lib/gcc/m68k-elf/4.8.3/../../../../m68k-elf/lib/m51qe\libc.a(lib_a-sbrkr.o)
 .data          0x00000000        0x0 c:/program files/pgo/gcc-m68k-elf/bin/../lib/gcc/m68k-elf/4.8.3/../../../../m68k-elf/lib/m51qe\libc.a(lib_a-sbrkr.o)
 .bss           0x00000000        0x0 c:/program files/pgo/gcc-m68k-elf/bin/../lib/gcc/m68k-elf/4.8.3/../../../../m68k-elf/lib/m51qe\libc.a(lib_a-sbrkr.o)
 .debug_info    0x00000000      0x7a1 c:/program files/pgo/gcc-m68k-elf/bin/../lib/gcc/m68k-elf/4.8.3/../../../../m68k-elf/lib/m51qe\libc.a(lib_a-sbrkr.o)
 .debug_abbrev  0x00000000      0x196 c:/program files/pgo/gcc-m68k-elf/bin/../lib/gcc/m68k-elf/4.8.3/../../../../m68k-elf/lib/m51qe\libc.a(lib_a-sbrkr.o)
 .debug_aranges
                0x00000000       0x20 c:/program files/pgo/gcc-m68k-elf/bin/../lib/gcc/m68k-elf/4.8.3/../../../../m68k-elf/lib/m51qe\libc.a(lib_a-sbrkr.o)
 .debug_line    0x00000000      0x186 c:/program files/pgo/gcc-m68k-elf/bin/../lib/gcc/m68k-elf/4.8.3/../../../../m68k-elf/lib/m51qe\libc.a(lib_a-sbrkr.o)
 .debug_str     0x00000000      0x4d7 c:/program files/pgo/gcc-m68k-elf/bin/../lib/gcc/m68k-elf/4.8.3/../../../../m68k-elf/lib/m51qe\libc.a(lib_a-sbrkr.o)
 .comment       0x00000000       0x12 c:/program files/pgo/gcc-m68k-elf/bin/../lib/gcc/m68k-elf/4.8.3/../../../../m68k-elf/lib/m51qe\libc.a(lib_a-sbrkr.o)
 .debug_frame   0x00000000       0x2c c:/program files/pgo/gcc-m68k-elf/bin/../lib/gcc/m68k-elf/4.8.3/../../../../m68k-elf/lib/m51qe\libc.a(lib_a-sbrkr.o)
 .data          0x00000000        0x0 c:/program files/pgo/gcc-m68k-elf/bin/../lib/gcc/m68k-elf/4.8.3/m51qe/crtend.o
 .bss           0x00000000        0x0 c:/program files/pgo/gcc-m68k-elf/bin/../lib/gcc/m68k-elf/4.8.3/m51qe/crtend.o
 .eh_frame      0x00000000        0x4 c:/program files/pgo/gcc-m68k-elf/bin/../lib/gcc/m68k-elf/4.8.3/m51qe/crtend.o

Memory Configuration

Name             Origin             Length             Attributes
io               0xffc00000         0x00000010         rw
io_1             0xffff8000         0x00008000         rw
rom              0x00000000         0x00020000         xr
ram              0x00800000         0x00002000         xrw
gdbGuard         0x00802000         0x00000020         r
*default*        0x00000000         0xffffffff

Linker script and memory map

LOAD c:/program files/pgo/gcc-m68k-elf/bin/../lib/gcc/m68k-elf/4.8.3/m51qe/crtbegin.o
LOAD ./Startup_Code/newlib_stubs.o
LOAD ./Startup_Code/startup_gcc_m68k_elf.o
LOAD ./Startup_Code/system.o
LOAD ./Startup_Code/vectors.o
LOAD ./Sources/BRTOS.o
LOAD ./Sources/HAL.o
LOAD ./Sources/OSInfo.o
LOAD ./Sources/OSTime.o
LOAD ./Sources/main.o
LOAD ./Sources/mbox.o
LOAD ./Sources/mutex.o
LOAD ./Sources/queue.o
LOAD ./Sources/semaphore.o
LOAD ./Sources/stimer.o
LOAD ./Sources/tasks.o
LOAD ./Sources/umm_malloc.o
LOAD c:/program files/pgo/gcc-m68k-elf/bin/../lib/gcc/m68k-elf/4.8.3/m51qe\libgcc.a
LOAD c:/program files/pgo/gcc-m68k-elf/bin/../lib/gcc/m68k-elf/4.8.3/../../../../m68k-elf/lib/m51qe\libc.a
LOAD c:/program files/pgo/gcc-m68k-elf/bin/../lib/gcc/m68k-elf/4.8.3/m51qe\libgcc.a
LOAD c:/program files/pgo/gcc-m68k-elf/bin/../lib/gcc/m68k-elf/4.8.3/m51qe/crtend.o
START GROUP
LOAD c:/program files/pgo/gcc-m68k-elf/bin/../lib/gcc/m68k-elf/4.8.3/../../../../m68k-elf/lib/m51qe\libc.a
LOAD c:/program files/pgo/gcc-m68k-elf/bin/../lib/gcc/m68k-elf/4.8.3/../../../../m68k-elf/lib/m51qe\libunhosted.a
LOAD c:/program files/pgo/gcc-m68k-elf/bin/../lib/gcc/m68k-elf/4.8.3/../../../../m68k-elf/lib/m51qe\libcf.a
END GROUP
                0x00000000                __DYNAMIC = 0x0
                0x00000080                __stack_size = 0x80
                0x00000008                __gdbstack_fix = 0x8
                0x00000000                __heap_size = 0x0

.text           0x00000000     0x11a4
                0x00000000                __flash_start = .
 *(.interrupt_vectors)
 .interrupt_vectors
                0x00000000      0x400 ./Startup_Code/vectors.o
                0x00000000                __vector_table
                0x00000001                ASSERT ((. != __flash_start), No interrupt vector)
                0x00000400                . = (__flash_start + 0x400)
 *(.security_information)
 .security_information
                0x00000400       0x10 ./Startup_Code/vectors.o
                0x00000400                securityInfo
                0x00000001                ASSERT ((. == (__flash_start + 0x410)), No security information)
 *(.text .text.*)
 .text          0x00000410      0x12c c:/program files/pgo/gcc-m68k-elf/bin/../lib/gcc/m68k-elf/4.8.3/m51qe/crtbegin.o
 .text._exit    0x0000053c        0x8 ./Startup_Code/newlib_stubs.o
                0x0000053c                _exit
 .text.init     0x00000544       0xe8 ./Startup_Code/startup_gcc_m68k_elf.o
                0x00000544                __HardReset
 .text.clock_initialise
                0x0000062c        0x8 ./Startup_Code/system.o
                0x0000062c                clock_initialise
 .text.uart_initialise
                0x00000634        0x8 ./Startup_Code/system.o
                0x00000634                uart_initialise
 .text.SystemInit
                0x0000063c       0x26 ./Startup_Code/system.o
                0x0000063c                SystemInit
 .text.hardware_init_hook
                0x00000662        0x8 ./Startup_Code/system.o
                0x00000662                hardware_init_hook
 .text.software_init_hook
                0x0000066a        0x8 ./Startup_Code/system.o
                0x0000066a                software_init_hook
 .text.Default_Handler
                0x00000672        0x8 ./Startup_Code/vectors.o
                0x00000672                Trap12_Handler
                0x00000672                Int_SCI2_Err_Handler
                0x00000672                Int_L4_SWI_Handler
                0x00000672                NonPCBreakpoint_Handler
                0x00000672                Trap8_Handler
                0x00000672                Int_SCI1_Tx_Handler
                0x00000672                IllegalInstruction_Handler
                0x00000672                AutoVector7_Handler
                0x00000672                Int_L3_SWI_Handler
                0x00000672                Int_SCI1_Err_Handler
                0x00000672                Trap0_Handler
                0x00000672                UnimplementedLineF_Handler
                0x00000672                Int_TPM3_Ch3_Handler
                0x00000672                AutoVector4_Handler
                0x00000672                PCBreakpoint_Handler
                0x00000672                Int_TPM3_Ch5_Handler
                0x00000672                Trap4_Handler
                0x00000672                Int_I2C_Handler
                0x00000672                Int_SPI1_Handler
                0x00000672                PrivilegeViolation_Handler
                0x00000672                AccessError_Handler
                0x00000672                Trap9_Handler
                0x00000672                Int_L1_SWI_Handler
                0x00000672                Int_TPM2_Ch2_Handler
                0x00000672                Int_ACMP_Handler
                0x00000672                Int_TPM3_Ch4_Handler
                0x00000672                Uninitialized_Handler
                0x00000672                UnimplementedLineA_Handler
                0x00000672                Int_TPM1_Ch1_Handler
                0x00000672                Int_TPM3_Ch2_Handler
                0x00000672                Int_TPM2_Ch1_Handler
                0x00000672                Trap10_Handler
                0x00000672                Int_TPM2_Ovf_Handler
                0x00000672                AutoVector1_Handler
                0x00000672                Trap14_Handler
                0x00000672                Int_SPI2_Handler
                0x00000672                Int_TPM2_Ch0_Handler
                0x00000672                Int_L5_SWI_Handler
                0x00000672                Int_UnsuppportedInstr_Handler
                0x00000672                Int_LVD_Handler
                0x00000672                Int_TPM1_Ch2_Handler
                0x00000672                Int_L6_SWI_Handler
                0x00000672                Default_Handler
                0x00000672                Trap11_Handler
                0x00000672                Int_TPM3_Ch1_Handler
                0x00000672                Trap5_Handler
                0x00000672                Int_ADC_Handler
                0x00000672                Int_SCI2_Rx_Handler
                0x00000672                FormatError_Handler
                0x00000672                Int_L7_SWI_Handler
                0x00000672                Trap13_Handler
                0x00000672                Trap2_Handler
                0x00000672                Trace_Handler
                0x00000672                Int_TPM1_Ch0_Handler
                0x00000672                AutoVector6_Handler
                0x00000672                AutoVector2_Handler
                0x00000672                AutoVector3_Handler
                0x00000672                Trap6_Handler
                0x00000672                Int_KBI_Handler
                0x00000672                Trap3_Handler
                0x00000672                Int_RTC_Handler
                0x00000672                Int_TPM1_Ovf_Handler
                0x00000672                Int_L2_SWI_Handler
                0x00000672                Trap1_Handler
                0x00000672                DivideBy0_Handler
                0x00000672                Int_SCI1_Rx_Handler
                0x00000672                Int_TPM3_Ch0_Handler
                0x00000672                AddressError_Handler
                0x00000672                Int_TPM3_Ovf_Handler
                0x00000672                Int_Irq_Handler
                0x00000672                Trap15_Handler
                0x00000672                Trap7_Handler
                0x00000672                Int_SCI2_Tx_Handler
                0x00000672                AutoVector5_Handler
                0x00000672                SpuriousInt_Handler
 .text.OSSchedule
                0x0000067a       0x46 ./Sources/BRTOS.o
                0x0000067a                OSSchedule
 .text.OSDelayTask
                0x000006c0      0x170 ./Sources/BRTOS.o
                0x000006c0                OSDelayTask
 .text.BRTOSStart
                0x00000830       0x76 ./Sources/BRTOS.o
                0x00000830                BRTOSStart
 .text.PreInstallTasks
                0x000008a6       0xa6 ./Sources/BRTOS.o
                0x000008a6                PreInstallTasks
 .text.Idle     0x0000094c        0xe ./Sources/BRTOS.o
                0x0000094c                Idle
 .text.OSInstallTask
                0x0000095a      0x30e ./Sources/BRTOS.o
                0x0000095a                OSInstallTask
 .text.BRTOSInit
                0x00000c68       0x1a ./Sources/BRTOS.o
                0x00000c68                BRTOSInit
 .text.initEvents
                0x00000c82       0xe6 ./Sources/BRTOS.o
                0x00000c82                initEvents
 .text.SAScheduler
                0x00000d68       0x20 ./Sources/BRTOS.o
                0x00000d68                SAScheduler
 .text.TickTimerSetup
                0x00000d88       0x34 ./Sources/HAL.o
                0x00000d88                TickTimerSetup
 .text.CreateVirtualStack
                0x00000dbc      0x16a ./Sources/HAL.o
                0x00000dbc                CreateVirtualStack
 .text.OS_CPU_SR_Save
                0x00000f26       0x1e ./Sources/HAL.o
                0x00000f26                OS_CPU_SR_Save
 .text.OS_CPU_SR_Restore
                0x00000f44       0x16 ./Sources/HAL.o
                0x00000f44                OS_CPU_SR_Restore
 .text.main     0x00000f5a       0x54 ./Sources/main.o
                0x00000f5a                main
 .text.blink    0x00000fae       0x62 ./Sources/tasks.o
                0x00000fae                blink
 .text          0x00001010       0x38 c:/program files/pgo/gcc-m68k-elf/bin/../lib/gcc/m68k-elf/4.8.3/../../../../m68k-elf/lib/m51qe\libc.a(lib_a-exit.o)
                0x00001010                exit
 .text          0x00001048       0x48 c:/program files/pgo/gcc-m68k-elf/bin/../lib/gcc/m68k-elf/4.8.3/../../../../m68k-elf/lib/m51qe\libc.a(lib_a-fini.o)
                0x00001048                __libc_fini_array
 .text          0x00001090       0x32 c:/program files/pgo/gcc-m68k-elf/bin/../lib/gcc/m68k-elf/4.8.3/m51qe/crtend.o
 *(.gnu.linkonce.t.*)
 *(.init)
 .init          0x000010c2        0x6 c:/program files/pgo/gcc-m68k-elf/bin/../lib/gcc/m68k-elf/4.8.3/m51qe/crtbegin.o
 .init          0x000010c8        0x6 c:/program files/pgo/gcc-m68k-elf/bin/../lib/gcc/m68k-elf/4.8.3/m51qe/crtend.o
 *(.fini)
 .fini          0x000010ce        0x6 c:/program files/pgo/gcc-m68k-elf/bin/../lib/gcc/m68k-elf/4.8.3/m51qe/crtbegin.o
                0x000010d4                . = ALIGN (0x4)
                0x000010d4                __CTOR_LIST__ = .
 *crtbegin.o(.ctors)
 .ctors         0x000010d4        0x4 c:/program files/pgo/gcc-m68k-elf/bin/../lib/gcc/m68k-elf/4.8.3/m51qe/crtbegin.o
 *(EXCLUDE_FILE(*crtend.o) .ctors)
 *(SORT(.ctors.*))
 *crtend.o(.ctors)
 .ctors         0x000010d8        0x4 c:/program files/pgo/gcc-m68k-elf/bin/../lib/gcc/m68k-elf/4.8.3/m51qe/crtend.o
                0x000010dc                __DTOR_LIST__ = .
 *crtbegin.o(.dtors)
 .dtors         0x000010dc        0x4 c:/program files/pgo/gcc-m68k-elf/bin/../lib/gcc/m68k-elf/4.8.3/m51qe/crtbegin.o
 *(EXCLUDE_FILE(*crtend.o) .dtors)
 *(SORT(.dtors.*))
 *crtend.o(.dtors)
 .dtors         0x000010e0        0x4 c:/program files/pgo/gcc-m68k-elf/bin/../lib/gcc/m68k-elf/4.8.3/m51qe/crtend.o
                0x000010e0                __DTOR_END__
                0x000010e4                . = ALIGN (0x4)
 *crtbegin.o(.jcr)
 .jcr           0x000010e4        0x0 c:/program files/pgo/gcc-m68k-elf/bin/../lib/gcc/m68k-elf/4.8.3/m51qe/crtbegin.o
 *(EXCLUDE_FILE(*crtend.o) .jcr)
 *crtend.o(.jcr)
 .jcr           0x000010e4        0x4 c:/program files/pgo/gcc-m68k-elf/bin/../lib/gcc/m68k-elf/4.8.3/m51qe/crtend.o
 *(.rodata .rodata.*)
 .rodata        0x000010e8       0x1a ./Sources/BRTOS.o
 .rodata.PriorityMask
                0x00001102       0x80 ./Sources/BRTOS.o
                0x00001102                PriorityMask
 .rodata        0x00001182        0xa ./Sources/main.o
 .rodata        0x0000118c        0x4 c:/program files/pgo/gcc-m68k-elf/bin/../lib/gcc/m68k-elf/4.8.3/../../../../m68k-elf/lib/m51qe\libc.a(lib_a-impure.o)
                0x0000118c                _global_impure_ptr
 .rodata.str1.1
                0x00001190        0x2 c:/program files/pgo/gcc-m68k-elf/bin/../lib/gcc/m68k-elf/4.8.3/../../../../m68k-elf/lib/m51qe\libc.a(lib_a-impure.o)
 *(.gnu.linkonce.r.*)
                0x00001194                . = ALIGN (0x4)
 *fill*         0x00001192        0x2 
 *(.gcc_except_table)
                0x00001194                . = ALIGN (0x4)
 *(.eh_frame)
 .eh_frame      0x00001194        0x0 c:/program files/pgo/gcc-m68k-elf/bin/../lib/gcc/m68k-elf/4.8.3/m51qe/crtbegin.o
                0x00001194                . = ALIGN (0x4)
                0x00001194                PROVIDE (__preinit_array_start, .)
 *(.preinit_array)
                0x00001194                PROVIDE (__preinit_array_end, .)
                0x00001194                . = ALIGN (0x4)
                0x00001194                PROVIDE (__init_array_start, .)
 *(SORT(.init_array.*))
 *(.init_array)
                0x00001194                PROVIDE (__init_array_end, .)
                0x00001194                . = ALIGN (0x4)
                0x00001194                PROVIDE (__fini_array_start, .)
 *(SORT(.fini_array.*))
 *(.fini_array)
                0x00001194                PROVIDE (__fini_array_end, .)
                0x00001194                . = ALIGN (0x4)
                0x00001194                _init = .
                0x00001194        0x4 LONG 0x4e560000
 *(.init)
                0x00001198        0x2 SHORT 0x4e5e
                0x0000119a        0x2 SHORT 0x4e75
                0x0000119c                . = ALIGN (0x4)
                0x0000119c                _fini = .
                0x0000119c        0x4 LONG 0x4e560000
 *(.fini)
                0x000011a0        0x2 SHORT 0x4e5e
                0x000011a2        0x2 SHORT 0x4e75
 *(.lit)
                0x000011a4                . = ALIGN (0x4)
                0x000011a4                _etext = .

.data           0x00800000       0x6c load address 0x000011a4
                0x000011a4                __data_load = LOADADDR (.data)
                0x00800000                __data_start = .
 *(.got.plt)
 *(.got)
 *(.shdata)
 *(.data .data.*)
 .data.StackAddress
                0x00800000        0x4 ./Sources/BRTOS.o
                0x00800000                StackAddress
 .data.OSBlockedList
                0x00800004        0x4 ./Sources/BRTOS.o
                0x00800004                OSBlockedList
 .data          0x00800008       0x64 c:/program files/pgo/gcc-m68k-elf/bin/../lib/gcc/m68k-elf/4.8.3/../../../../m68k-elf/lib/m51qe\libc.a(lib_a-impure.o)
                0x00800008                _impure_ptr
 *(.gnu.linkonce.d.*)
                0x0080006c                . = ALIGN (0x4)
                0x0080006c                _edata = .

.tm_clone_table
                0x0080006c        0x0 load address 0x00001210
 .tm_clone_table
                0x0080006c        0x0 c:/program files/pgo/gcc-m68k-elf/bin/../lib/gcc/m68k-elf/4.8.3/m51qe/crtbegin.o
 .tm_clone_table
                0x0080006c        0x0 c:/program files/pgo/gcc-m68k-elf/bin/../lib/gcc/m68k-elf/4.8.3/m51qe/crtend.o

.bss            0x0080006c     0x1b84 load address 0x00001210
                0x0080006c                __bss_start__ = .
                0x0080006c                __bss_start = __bss_start__
 *(.shbss)
 *(.bss .bss.*)
 .bss           0x0080006c       0x1e c:/program files/pgo/gcc-m68k-elf/bin/../lib/gcc/m68k-elf/4.8.3/m51qe/crtbegin.o
 .bss.iStackAddress
                0x0080008a        0x2 ./Sources/BRTOS.o
                0x0080008a                iStackAddress
 .bss.OSReadyList
                0x0080008c        0x4 ./Sources/BRTOS.o
                0x0080008c                OSReadyList
 .bss.OSTickCounter
                0x00800090        0x2 ./Sources/BRTOS.o
 .bss.OSDutyTmp
                0x00800092        0x4 ./Sources/BRTOS.o
                0x00800092                OSDutyTmp
 .bss.TaskAlloc
                0x00800096        0x4 ./Sources/BRTOS.o
                0x00800096                TaskAlloc
 .bss.iNesting  0x0080009a        0x1 ./Sources/BRTOS.o
                0x0080009a                iNesting
 *(.gnu.linkonce.b.*)
 *(COMMON)
 *fill*         0x0080009b        0x1 
 COMMON         0x0080009c     0x194c ./Sources/BRTOS.o
                0x0080009c                BRTOS_Sem_Table
                0x0080013c                BRTOS_Queue_Table
                0x0080022c                NumberOfInstalledTasks
                0x0080022d                PriorityVector
                0x0080024d                SelectedTask
                0x0080024e                currentTask
                0x00800250                QUEUE_STACK
                0x00800750                BRTOS_Mutex_Table
                0x00800778                BRTOS_Mbox_Table
                0x008007b4                STACK
                0x008017b4                Head
                0x008017b8                ContextTask
                0x00801854                Tail
                0x00801858                BRTOS_OS_QUEUE_Table
 COMMON         0x008019e8      0x204 ./Sources/HAL.o
                0x008019e8                SPvalue
                0x008019ec                ISR_STACK
 COMMON         0x00801bec        0x4 ./Sources/main.o
                0x00801bec                blk
                0x00801bf0                . = ALIGN (0x8)
                0x00801bf0                __bss_end__ = .
                0x00801bf0                _end = __bss_end__
                0x00801bf0                __end = __bss_end__

.heap_dummy     0x00801bf0        0x0 load address 0x00001210
                0x00801bf0                . = ALIGN (0x4)
                0x00801bf0                PROVIDE (end, .)
                0x00801bf0                PROVIDE (__end__, .)
                0x00801bf0                PROVIDE (_end, .)
                0x00801bf0                __HeapBottom = .
                0x00801bf0                __heap_addr = .
                0x00801bf0                . = (. + __heap_size)
                0x00801ff8                __StackTop = ((ORIGIN (ram) + 0x2000) - __gdbstack_fix)
                0x00801f80                __HeapLimit = ((ORIGIN (ram) + 0x2000) - __stack_size)
                0x00801f80                __StackLimit = ((ORIGIN (ram) + 0x2000) - __stack_size)

.stab
 *(.stab)

.stabstr
 *(.stabstr)

.debug
 *(.debug)

.line
 *(.line)

.debug_srcinfo
 *(.debug_srcinfo)

.debug_sfnames
 *(.debug_sfnames)

.debug_aranges  0x00000000      0x2d0
 *(.debug_aranges)
 .debug_aranges
                0x00000000       0xb0 ./Startup_Code/newlib_stubs.o
 .debug_aranges
                0x000000b0       0x20 ./Startup_Code/startup_gcc_m68k_elf.o
 .debug_aranges
                0x000000d0       0x40 ./Startup_Code/system.o
 .debug_aranges
                0x00000110       0x20 ./Startup_Code/vectors.o
 .debug_aranges
                0x00000130       0xb8 ./Sources/BRTOS.o
 .debug_aranges
                0x000001e8       0x50 ./Sources/HAL.o
 .debug_aranges
                0x00000238       0x20 ./Sources/main.o
 .debug_aranges
                0x00000258       0x20 ./Sources/tasks.o
 .debug_aranges
                0x00000278       0x20 c:/program files/pgo/gcc-m68k-elf/bin/../lib/gcc/m68k-elf/4.8.3/../../../../m68k-elf/lib/m51qe\libc.a(lib_a-exit.o)
 .debug_aranges
                0x00000298       0x20 c:/program files/pgo/gcc-m68k-elf/bin/../lib/gcc/m68k-elf/4.8.3/../../../../m68k-elf/lib/m51qe\libc.a(lib_a-fini.o)
 .debug_aranges
                0x000002b8       0x18 c:/program files/pgo/gcc-m68k-elf/bin/../lib/gcc/m68k-elf/4.8.3/../../../../m68k-elf/lib/m51qe\libc.a(lib_a-impure.o)

.debug_pubnames
 *(.debug_pubnames)

.debug_info     0x00000000     0x2daa
 *(.debug_info .gnu.linkonce.wi.*)
 .debug_info    0x00000000      0x6d1 ./Startup_Code/newlib_stubs.o
 .debug_info    0x000006d1       0x99 ./Startup_Code/startup_gcc_m68k_elf.o
 .debug_info    0x0000076a       0xee ./Startup_Code/system.o
 .debug_info    0x00000858      0x1b9 ./Startup_Code/vectors.o
 .debug_info    0x00000a11      0xaf3 ./Sources/BRTOS.o
 .debug_info    0x00001504      0x44e ./Sources/HAL.o
 .debug_info    0x00001952      0x16d ./Sources/main.o
 .debug_info    0x00001abf      0x29f ./Sources/tasks.o
 .debug_info    0x00001d5e      0x77f c:/program files/pgo/gcc-m68k-elf/bin/../lib/gcc/m68k-elf/4.8.3/../../../../m68k-elf/lib/m51qe\libc.a(lib_a-exit.o)
 .debug_info    0x000024dd       0xef c:/program files/pgo/gcc-m68k-elf/bin/../lib/gcc/m68k-elf/4.8.3/../../../../m68k-elf/lib/m51qe\libc.a(lib_a-fini.o)
 .debug_info    0x000025cc      0x7de c:/program files/pgo/gcc-m68k-elf/bin/../lib/gcc/m68k-elf/4.8.3/../../../../m68k-elf/lib/m51qe\libc.a(lib_a-impure.o)

.debug_abbrev   0x00000000      0xb9a
 *(.debug_abbrev)
 .debug_abbrev  0x00000000      0x19e ./Startup_Code/newlib_stubs.o
 .debug_abbrev  0x0000019e       0x14 ./Startup_Code/startup_gcc_m68k_elf.o
 .debug_abbrev  0x000001b2       0x91 ./Startup_Code/system.o
 .debug_abbrev  0x00000243       0xd1 ./Startup_Code/vectors.o
 .debug_abbrev  0x00000314      0x209 ./Sources/BRTOS.o
 .debug_abbrev  0x0000051d      0x1d1 ./Sources/HAL.o
 .debug_abbrev  0x000006ee       0xae ./Sources/main.o
 .debug_abbrev  0x0000079c       0x90 ./Sources/tasks.o
 .debug_abbrev  0x0000082c      0x17b c:/program files/pgo/gcc-m68k-elf/bin/../lib/gcc/m68k-elf/4.8.3/../../../../m68k-elf/lib/m51qe\libc.a(lib_a-exit.o)
 .debug_abbrev  0x000009a7       0xbd c:/program files/pgo/gcc-m68k-elf/bin/../lib/gcc/m68k-elf/4.8.3/../../../../m68k-elf/lib/m51qe\libc.a(lib_a-fini.o)
 .debug_abbrev  0x00000a64      0x136 c:/program files/pgo/gcc-m68k-elf/bin/../lib/gcc/m68k-elf/4.8.3/../../../../m68k-elf/lib/m51qe\libc.a(lib_a-impure.o)

.debug_line     0x00000000     0x1a9e
 *(.debug_line)
 .debug_line    0x00000000      0x3c7 ./Startup_Code/newlib_stubs.o
 .debug_line    0x000003c7       0x98 ./Startup_Code/startup_gcc_m68k_elf.o
 .debug_line    0x0000045f      0x23f ./Startup_Code/system.o
 .debug_line    0x0000069e      0x1f6 ./Startup_Code/vectors.o
 .debug_line    0x00000894      0x56c ./Sources/BRTOS.o
 .debug_line    0x00000e00      0x2f0 ./Sources/HAL.o
 .debug_line    0x000010f0      0x3e8 ./Sources/main.o
 .debug_line    0x000014d8      0x258 ./Sources/tasks.o
 .debug_line    0x00001730      0x18e c:/program files/pgo/gcc-m68k-elf/bin/../lib/gcc/m68k-elf/4.8.3/../../../../m68k-elf/lib/m51qe\libc.a(lib_a-exit.o)
 .debug_line    0x000018be       0xc5 c:/program files/pgo/gcc-m68k-elf/bin/../lib/gcc/m68k-elf/4.8.3/../../../../m68k-elf/lib/m51qe\libc.a(lib_a-fini.o)
 .debug_line    0x00001983      0x11b c:/program files/pgo/gcc-m68k-elf/bin/../lib/gcc/m68k-elf/4.8.3/../../../../m68k-elf/lib/m51qe\libc.a(lib_a-impure.o)

.debug_frame    0x00000000      0x620
 *(.debug_frame)
 .debug_frame   0x00000000      0x1dc ./Startup_Code/newlib_stubs.o
 .debug_frame   0x000001dc       0x8c ./Startup_Code/system.o
 .debug_frame   0x00000268       0x2c ./Startup_Code/vectors.o
 .debug_frame   0x00000294      0x21c ./Sources/BRTOS.o
 .debug_frame   0x000004b0       0xb4 ./Sources/HAL.o
 .debug_frame   0x00000564       0x2c ./Sources/main.o
 .debug_frame   0x00000590       0x30 ./Sources/tasks.o
 .debug_frame   0x000005c0       0x30 c:/program files/pgo/gcc-m68k-elf/bin/../lib/gcc/m68k-elf/4.8.3/../../../../m68k-elf/lib/m51qe\libc.a(lib_a-exit.o)
 .debug_frame   0x000005f0       0x30 c:/program files/pgo/gcc-m68k-elf/bin/../lib/gcc/m68k-elf/4.8.3/../../../../m68k-elf/lib/m51qe\libc.a(lib_a-fini.o)

.debug_str      0x00000000    0x2164e
 *(.debug_str)
 .debug_str     0x00000000     0x5220 ./Startup_Code/newlib_stubs.o
                               0x5435 (size before relaxing)
 .debug_str     0x00005220    0x198fa ./Startup_Code/system.o
                              0x1bbd3 (size before relaxing)
 .debug_str     0x0001eb1a      0x111 ./Startup_Code/vectors.o
                              0x1bc2e (size before relaxing)
 .debug_str     0x0001ec2b     0x1d35 ./Sources/BRTOS.o
                              0x1d193 (size before relaxing)
 .debug_str     0x00020960       0xe7 ./Sources/HAL.o
                              0x1cece (size before relaxing)
 .debug_str     0x00020a47      0x63d ./Sources/main.o
                              0x1f349 (size before relaxing)
 .debug_str     0x00021084       0x36 ./Sources/tasks.o
                              0x1cd9c (size before relaxing)
 .debug_str     0x000210ba      0x3e3 c:/program files/pgo/gcc-m68k-elf/bin/../lib/gcc/m68k-elf/4.8.3/../../../../m68k-elf/lib/m51qe\libc.a(lib_a-exit.o)
                                0x4ea (size before relaxing)
 .debug_str     0x0002149d       0xcf c:/program files/pgo/gcc-m68k-elf/bin/../lib/gcc/m68k-elf/4.8.3/../../../../m68k-elf/lib/m51qe\libc.a(lib_a-fini.o)
                                0x1a4 (size before relaxing)
 .debug_str     0x0002156c       0xe2 c:/program files/pgo/gcc-m68k-elf/bin/../lib/gcc/m68k-elf/4.8.3/../../../../m68k-elf/lib/m51qe\libc.a(lib_a-impure.o)
                                0x520 (size before relaxing)

.debug_loc      0x00000000       0x2b
 *(.debug_loc)
 .debug_loc     0x00000000       0x2b c:/program files/pgo/gcc-m68k-elf/bin/../lib/gcc/m68k-elf/4.8.3/../../../../m68k-elf/lib/m51qe\libc.a(lib_a-fini.o)

.comment        0x00000000       0x11
 .comment       0x00000000       0x11 c:/program files/pgo/gcc-m68k-elf/bin/../lib/gcc/m68k-elf/4.8.3/m51qe/crtbegin.o
                                 0x12 (size before relaxing)
 .comment       0x00000000       0x12 ./Startup_Code/newlib_stubs.o
 .comment       0x00000000       0x12 ./Startup_Code/system.o
 .comment       0x00000000       0x12 ./Startup_Code/vectors.o
 .comment       0x00000000       0x12 ./Sources/BRTOS.o
 .comment       0x00000000       0x12 ./Sources/HAL.o
 .comment       0x00000000       0x12 ./Sources/main.o
 .comment       0x00000000       0x12 ./Sources/tasks.o
 .comment       0x00000000       0x12 c:/program files/pgo/gcc-m68k-elf/bin/../lib/gcc/m68k-elf/4.8.3/../../../../m68k-elf/lib/m51qe\libc.a(lib_a-exit.o)
 .comment       0x00000000       0x12 c:/program files/pgo/gcc-m68k-elf/bin/../lib/gcc/m68k-elf/4.8.3/../../../../m68k-elf/lib/m51qe\libc.a(lib_a-fini.o)
 .comment       0x00000000       0x12 c:/program files/pgo/gcc-m68k-elf/bin/../lib/gcc/m68k-elf/4.8.3/../../../../m68k-elf/lib/m51qe\libc.a(lib_a-impure.o)
 .comment       0x00000000       0x12 c:/program files/pgo/gcc-m68k-elf/bin/../lib/gcc/m68k-elf/4.8.3/m51qe/crtend.o

.debug_macinfo
 *(.debug_macinfo)
OUTPUT(MCF51QE128RM_project.elf elf32-m68k)

.debug_ranges   0x00000000      0x1e8
 .debug_ranges  0x00000000       0xa0 ./Startup_Code/newlib_stubs.o
 .debug_ranges  0x000000a0       0x30 ./Startup_Code/system.o
 .debug_ranges  0x000000d0       0x10 ./Startup_Code/vectors.o
 .debug_ranges  0x000000e0       0xa8 ./Sources/BRTOS.o
 .debug_ranges  0x00000188       0x40 ./Sources/HAL.o
 .debug_ranges  0x000001c8       0x10 ./Sources/main.o
 .debug_ranges  0x000001d8       0x10 ./Sources/tasks.o

.debug_macro    0x00000000     0x88af
 .debug_macro   0x00000000      0x13e ./Startup_Code/newlib_stubs.o
 .debug_macro   0x0000013e      0x50e ./Startup_Code/newlib_stubs.o
 .debug_macro   0x0000064c       0x10 ./Startup_Code/newlib_stubs.o
 .debug_macro   0x0000065c       0x16 ./Startup_Code/newlib_stubs.o
 .debug_macro   0x00000672       0x35 ./Startup_Code/newlib_stubs.o
 .debug_macro   0x000006a7       0xa3 ./Startup_Code/newlib_stubs.o
 .debug_macro   0x0000074a      0x166 ./Startup_Code/newlib_stubs.o
 .debug_macro   0x000008b0       0x4a ./Startup_Code/newlib_stubs.o
 .debug_macro   0x000008fa       0x52 ./Startup_Code/newlib_stubs.o
 .debug_macro   0x0000094c       0x16 ./Startup_Code/newlib_stubs.o
 .debug_macro   0x00000962       0x43 ./Startup_Code/newlib_stubs.o
 .debug_macro   0x000009a5      0x180 ./Startup_Code/newlib_stubs.o
 .debug_macro   0x00000b25      0x23b ./Startup_Code/newlib_stubs.o
 .debug_macro   0x00000d60      0x20f ./Startup_Code/newlib_stubs.o
 .debug_macro   0x00000f6f       0x10 ./Startup_Code/newlib_stubs.o
 .debug_macro   0x00000f7f       0x35 ./Startup_Code/newlib_stubs.o
 .debug_macro   0x00000fb4       0x16 ./Startup_Code/newlib_stubs.o
 .debug_macro   0x00000fca       0x10 ./Startup_Code/newlib_stubs.o
 .debug_macro   0x00000fda       0x22 ./Startup_Code/newlib_stubs.o
 .debug_macro   0x00000ffc       0xbd ./Startup_Code/newlib_stubs.o
 .debug_macro   0x000010b9       0x2e ./Startup_Code/newlib_stubs.o
 .debug_macro   0x000010e7      0x120 ./Startup_Code/newlib_stubs.o
 .debug_macro   0x00001207       0x16 ./Startup_Code/newlib_stubs.o
 .debug_macro   0x0000121d      0x48e ./Startup_Code/newlib_stubs.o
 .debug_macro   0x000016ab       0x6b ./Startup_Code/system.o
 .debug_macro   0x00001716       0x44 ./Startup_Code/system.o
 .debug_macro   0x0000175a      0x209 ./Startup_Code/system.o
 .debug_macro   0x00001963     0x641f ./Startup_Code/system.o
 .debug_macro   0x00007d82       0x5b ./Startup_Code/vectors.o
 .debug_macro   0x00007ddd       0x9b ./Sources/BRTOS.o
 .debug_macro   0x00007e78       0x34 ./Sources/BRTOS.o
 .debug_macro   0x00007eac      0x14b ./Sources/BRTOS.o
 .debug_macro   0x00007ff7       0x3a ./Sources/BRTOS.o
 .debug_macro   0x00008031       0x28 ./Sources/BRTOS.o
 .debug_macro   0x00008059       0xb5 ./Sources/BRTOS.o
 .debug_macro   0x0000810e      0x1dd ./Sources/BRTOS.o
 .debug_macro   0x000082eb       0x9b ./Sources/HAL.o
 .debug_macro   0x00008386      0x182 ./Sources/main.o
 .debug_macro   0x00008508       0x16 ./Sources/main.o
 .debug_macro   0x0000851e       0x97 ./Sources/main.o
 .debug_macro   0x000085b5       0x10 ./Sources/main.o
 .debug_macro   0x000085c5       0xef ./Sources/main.o
 .debug_macro   0x000086b4       0x16 ./Sources/main.o
 .debug_macro   0x000086ca      0x14a ./Sources/main.o
 .debug_macro   0x00008814       0x9b ./Sources/tasks.o
